// 重构日志: 2f9927ce
// 重构日志: 54a37bfc
// 重构日志: 565923b5
// 同步 ID: 17d79914 @ Mon Jul 27 06:08:51 UTC 2026
// 同步 ID: 0ebf57ae @ Mon Jul 27 19:10:11 UTC 2026
// 同步 ID: 4d15ccc3 @ Tue Jul 28 13:02:14 UTC 2026
// 同步 ID: 48a645bd @ Wed Jul 29 08:47:43 UTC 2026
// 重构日志: 941ec9af
// 重构日志: a8985104
// 同步 ID: a33bee53 @ Thu Jul 30 07:55:08 UTC 2026
// 同步 ID: 7287a9ac @ Thu Jul 30 10:45:32 UTC 2026
// 同步 ID: e420b9da @ Thu Jul 30 12:36:50 UTC 2026
// 重构日志: 7331d0bb
// 同步 ID: a976a2af @ Fri Jul 31 06:10:02 UTC 2026
// 重构日志: 9761e790
// 同步 ID: d97a3f37 @ Sat Aug  1 08:09:10 UTC 2026
// 同步 ID: bf137e60 @ Sat Aug  1 19:40:43 UTC 2026
// 重构日志: 16ee9fef
// 重构日志: 6f40d6fc
// 同步 ID: e4ad0b15 @ Sun Aug  2 12:44:18 UTC 2026
// 同步 ID: cac44d00 @ Sun Aug  2 16:18:59 UTC 2026
// 同步 ID: 476acbd6 @ Mon Aug  3 01:52:36 UTC 2026
// 重构日志: 24e259e1
// 重构日志: fb4b901c
// 重构日志: 5c03af59
// 重构日志: 9aac03b5
// 重构日志: 524a306b
// 重构日志: dcc90098
// 同步 ID: 21931b4e @ Thu Aug  6 08:06:14 UTC 2026
// 同步 ID: a297f404 @ Thu Aug  6 11:17:27 UTC 2026
// 重构日志: a77ce3c4
